// 重构日志: 383b4a92
// 重构日志: 9610f367
// 同步 ID: de724508 @ Fri Jul 17 07:21:17 UTC 2026
// 同步 ID: 3bcabe7e @ Fri Jul 17 17:27:36 UTC 2026
// 重构日志: 1ba4d463
// 重构日志: 5516567e
// 同步 ID: 8939c141 @ Sun Jul 19 11:58:12 UTC 2026
// 重构日志: 0da9243f
// 同步 ID: 4f9918e9 @ Wed Jul 22 15:21:29 UTC 2026
// 重构日志: 4ff0a52f
// 重构日志: c4e6532d
// 同步 ID: ebac3634 @ Sat Jul 25 16:34:51 UTC 2026
// 同步 ID: af59aefb @ Sun Jul 26 00:31:32 UTC 2026
// 同步 ID: 31364f57 @ Sun Jul 26 14:59:53 UTC 2026
// 重构日志: c3455808
// 同步 ID: 90ca0e21 @ Mon Jul 27 16:02:01 UTC 2026
// 重构日志: aa40282f
// 同步 ID: 66ef8de1 @ Wed Jul 29 07:31:51 UTC 2026
// 重构日志: 60de2fcd
// 重构日志: 2cf45ee3
// 同步 ID: 40cb3ac6 @ Thu Jul 30 01:24:53 UTC 2026
// 同步 ID: 71ef5ffa @ Thu Jul 30 04:39:07 UTC 2026
// 同步 ID: f3a407c7 @ Thu Jul 30 21:50:07 UTC 2026
// 重构日志: c22b96c3
// 同步 ID: 7d6f637c @ Sat Aug  1 10:02:25 UTC 2026
// 同步 ID: 2b03d13c @ Sat Aug  1 15:01:44 UTC 2026
// 重构日志: a311ec3c
// 重构日志: ffc69380
// 同步 ID: c8ae7942 @ Mon Aug  3 19:09:26 UTC 2026
// 同步 ID: fe2c193b @ Wed Aug  5 10:13:26 UTC 2026
// 重构日志: d6e07db0
// 重构日志: c4fdc8e7
// 重构日志: dbd2c69e
// 重构日志: f6b59137
